PASS 1 JS 390 en/green-tea
PASS 2 JS 390 en/centella-asiatica
PASS 3 JS 390 en/monk-fruit
PASS 4 JS 390 en/ginseng
PASS 5 JS 390 en/reishi-mushroom
PASS 6 JS 390 en/ginkgo-biloba
PASS 7 JS 390 en/grape-seed
PASS 8 JS 390 en/goji-berry
PASS 9 JS 390 en/licorice-root
PASS 10 JS 390 en/stevia
PASS 11 JS 390 en/resveratrol
PASS 12 JS 390 zh/green-tea
PASS 13 JS 390 zh/centella-asiatica
PASS 14 JS 390 zh/monk-fruit
PASS 15 JS 390 zh/ginseng
PASS 16 JS 390 zh/reishi-mushroom
PASS 17 JS 390 zh/ginkgo-biloba
PASS 18 JS 390 zh/grape-seed
PASS 19 JS 390 zh/goji-berry
PASS 20 JS 390 zh/licorice-root
PASS 21 JS 390 zh/stevia
PASS 22 JS 390 zh/resveratrol
PASS 23 JS 1440 en/green-tea
PASS 24 JS 1440 en/centella-asiatica
PASS 25 JS 1440 en/monk-fruit
PASS 26 JS 1440 en/ginseng
PASS 27 JS 1440 en/reishi-mushroom
PASS 28 JS 1440 en/ginkgo-biloba
PASS 29 JS 1440 en/grape-seed
PASS 30 JS 1440 en/goji-berry
PASS 31 JS 1440 en/licorice-root
PASS 32 JS 1440 en/stevia
PASS 33 JS 1440 en/resveratrol
PASS 34 JS 1440 zh/green-tea
PASS 35 JS 1440 zh/centella-asiatica
PASS 36 JS 1440 zh/monk-fruit
PASS 37 JS 1440 zh/ginseng
PASS 38 JS 1440 zh/reishi-mushroom
PASS 39 JS 1440 zh/ginkgo-biloba
PASS 40 JS 1440 zh/grape-seed
PASS 41 JS 1440 zh/goji-berry
PASS 42 JS 1440 zh/licorice-root
PASS 43 JS 1440 zh/stevia
PASS 44 JS 1440 zh/resveratrol
PASS 45 noJS 390 en/green-tea
PASS 46 noJS 390 en/centella-asiatica
PASS 47 noJS 390 en/monk-fruit
PASS 48 noJS 390 en/ginseng
PASS 49 noJS 390 en/reishi-mushroom
PASS 50 noJS 390 en/ginkgo-biloba
PASS 51 noJS 390 en/grape-seed
PASS 52 noJS 390 en/goji-berry
PASS 53 noJS 390 en/licorice-root
PASS 54 noJS 390 en/stevia
PASS 55 noJS 390 en/resveratrol
PASS 56 noJS 390 zh/green-tea
PASS 57 noJS 390 zh/centella-asiatica
PASS 58 noJS 390 zh/monk-fruit
PASS 59 noJS 390 zh/ginseng
PASS 60 noJS 390 zh/reishi-mushroom
PASS 61 noJS 390 zh/ginkgo-biloba
PASS 62 noJS 390 zh/grape-seed
PASS 63 noJS 390 zh/goji-berry
PASS 64 noJS 390 zh/licorice-root
PASS 65 noJS 390 zh/stevia
PASS 66 noJS 390 zh/resveratrol
PASS 67 noJS 1440 en/green-tea
PASS 68 noJS 1440 en/centella-asiatica
PASS 69 noJS 1440 en/monk-fruit
PASS 70 noJS 1440 en/ginseng
PASS 71 noJS 1440 en/reishi-mushroom
PASS 72 noJS 1440 en/ginkgo-biloba
PASS 73 noJS 1440 en/grape-seed
PASS 74 noJS 1440 en/goji-berry
PASS 75 noJS 1440 en/licorice-root
PASS 76 noJS 1440 en/stevia
PASS 77 noJS 1440 en/resveratrol
PASS 78 noJS 1440 zh/green-tea
PASS 79 noJS 1440 zh/centella-asiatica
PASS 80 noJS 1440 zh/monk-fruit
PASS 81 noJS 1440 zh/ginseng
PASS 82 noJS 1440 zh/reishi-mushroom
PASS 83 noJS 1440 zh/ginkgo-biloba
PASS 84 noJS 1440 zh/grape-seed
PASS 85 noJS 1440 zh/goji-berry
PASS 86 noJS 1440 zh/licorice-root
PASS 87 noJS 1440 zh/stevia
PASS 88 noJS 1440 zh/resveratrol
{"cases":88,"formJourneys":176,"posts":0,"errors":[]}
