PASS JS en/green-tea
PASS JS en/centella-asiatica
PASS JS en/monk-fruit
PASS JS en/ginseng
PASS JS en/reishi-mushroom
PASS JS en/ginkgo-biloba
PASS JS en/grape-seed
PASS JS en/licorice-root
PASS JS en/stevia
PASS JS en/resveratrol
PASS JS en/goji-berry
PASS JS zh/green-tea
PASS JS zh/centella-asiatica
PASS JS zh/monk-fruit
PASS JS zh/ginseng
PASS JS zh/reishi-mushroom
PASS JS zh/ginkgo-biloba
PASS JS zh/grape-seed
PASS JS zh/licorice-root
PASS JS zh/stevia
PASS JS zh/resveratrol
PASS JS zh/goji-berry
PASS noJS en/green-tea
PASS noJS en/centella-asiatica
PASS noJS en/monk-fruit
PASS noJS en/ginseng
PASS noJS en/reishi-mushroom
PASS noJS en/ginkgo-biloba
PASS noJS en/grape-seed
PASS noJS en/licorice-root
PASS noJS en/stevia
PASS noJS en/resveratrol
PASS noJS en/goji-berry
PASS noJS zh/green-tea
PASS noJS zh/centella-asiatica
PASS noJS zh/monk-fruit
PASS noJS zh/ginseng
PASS noJS zh/reishi-mushroom
PASS noJS zh/ginkgo-biloba
PASS noJS zh/grape-seed
PASS noJS zh/licorice-root
PASS noJS zh/stevia
PASS noJS zh/resveratrol
PASS noJS zh/goji-berry
{"journeys":44,"keyboard":44}
